react-dom-client.development.js:28004 Download the React DevTools for a better development experience: https://react.dev/link/react-devtools
i18next.js:1787 🌐 i18next is made possible by our own product, Locize — consider powering your project with managed localization (AI, CDN, integrations): https://locize.com 💙
:3000/favicon.ico:1   Failed to load resource: the server responded with a status of 404 (Not Found)
App.tsx:854  Uncaught (in promise) TypeError: Cannot read properties of undefined (reading 'messageSent')
    at handleSendMessage (App.tsx:854:19)
    at onSend (ChatInput.tsx:150:7)
    at onKeyDown (ChatInput.tsx:370:21)
    at executeDispatch (react-dom-client.development.js:19116:9)
    at runWithFiberInDEV (react-dom-client.development.js:871:30)
    at processDispatchQueue (react-dom-client.development.js:19166:19)
    at react-dom-client.development.js:19767:9
    at batchedUpdates$1 (react-dom-client.development.js:3255:40)
    at dispatchEventForPluginEventSystem (react-dom-client.development.js:19320:7)
    at dispatchEvent (react-dom-client.development.js:23585:11)
handleSendMessage @ App.tsx:854
onSend @ ChatInput.tsx:150
onKeyDown @ ChatInput.tsx:370
executeDispatch @ react-dom-client.development.js:19116
runWithFiberInDEV @ react-dom-client.development.js:871
processDispatchQueue @ react-dom-client.development.js:19166
(匿名) @ react-dom-client.development.js:19767
batchedUpdates$1 @ react-dom-client.development.js:3255
dispatchEventForPluginEventSystem @ react-dom-client.development.js:19320
dispatchEvent @ react-dom-client.development.js:23585
dispatchDiscreteEvent @ react-dom-client.development.js:23553
