ToolPanel.tsx:153 [TaskRoundCard] 轮次: 17764576 | 初始展开状态: false | 用户消息: 区块链技术发展
ToolPanel.tsx:522 [ToolPanel] 会话切换: 1776457618595sp94q5l
ToolPanel.tsx:523 [ToolPanel] 当前展开的轮次ID: null
ToolPanel.tsx:524 [ToolPanel] 该会话的轮次数量: 1
ToolPanel.tsx:525 [ToolPanel] 轮次详情: [{…}]
ToolPanel.tsx:529 [ToolPanel] 轮次数据更新: 1 个轮次
ToolPanel.tsx:531 [ToolPanel] 最新轮次ID: 1776457625718qgv04ax
GlobalStateContext.tsx:1387 [GlobalState] useEffect 触发 - messages: 2 | taskRounds: 2 | currentSessionId: 17764576
GlobalStateContext.tsx:1395 [GlobalState] 找到包含todos的助手消息: 1 个
GlobalStateContext.tsx:1400 [GlobalState] 当前会话的轮次: 1 个
GlobalStateContext.tsx:1429 [GlobalState] 匹配成功! 轮次 17764576 ← 消息 ( 6 个任务)
GlobalStateContext.tsx:1437 [GlobalState] 从消息中恢复了 1 个轮次的任务进度
ToolPanel.tsx:153 [TaskRoundCard] 轮次: 17764576 | 初始展开状态: false | 用户消息: 区块链技术发展
ToolPanel.tsx:313 [TaskRoundProgressCard] 轮次: 17764576 | 当前展开: false | 任务数: 6
ToolPanel.tsx:529 [ToolPanel] 轮次数据更新: 1 个轮次
ToolPanel.tsx:531 [ToolPanel] 最新轮次ID: 1776457625718qgv04ax
GlobalStateContext.tsx:1387 [GlobalState] useEffect 触发 - messages: 2 | taskRounds: 2 | currentSessionId: 17764576
GlobalStateContext.tsx:1395 [GlobalState] 找到包含todos的助手消息: 1 个
GlobalStateContext.tsx:1400 [GlobalState] 当前会话的轮次: 1 个
GlobalStateContext.tsx:1412 [GlobalState] 轮次 17764576 已有todos，跳过
GlobalStateContext.tsx:1439 [GlobalState] 未找到匹配的任务进度
ToolPanel.tsx:313 [TaskRoundProgressCard] 轮次: 17764576 | 当前展开: false | 任务数: 6
GlobalStateContext.tsx:552 [GlobalState] 会话已保存: 1776457618595sp94q5l
ToolPanel.tsx:153 [TaskRoundCard] 轮次: 17764585 | 初始展开状态: false | 用户消息: 国际新闻 全球新闻
ToolPanel.tsx:522 [ToolPanel] 会话切换: 1776458486518m5f69sg
ToolPanel.tsx:523 [ToolPanel] 当前展开的轮次ID: null
ToolPanel.tsx:524 [ToolPanel] 该会话的轮次数量: 1
ToolPanel.tsx:525 [ToolPanel] 轮次详情: [{…}]
ToolPanel.tsx:529 [ToolPanel] 轮次数据更新: 1 个轮次
ToolPanel.tsx:531 [ToolPanel] 最新轮次ID: 177645850449123labga
GlobalStateContext.tsx:1387 [GlobalState] useEffect 触发 - messages: 2 | taskRounds: 2 | currentSessionId: 17764584
GlobalStateContext.tsx:1395 [GlobalState] 找到包含todos的助手消息: 1 个
GlobalStateContext.tsx:1400 [GlobalState] 当前会话的轮次: 1 个
GlobalStateContext.tsx:1429 [GlobalState] 匹配成功! 轮次 17764585 ← 消息 ( 6 个任务)
GlobalStateContext.tsx:1437 [GlobalState] 从消息中恢复了 1 个轮次的任务进度
ToolPanel.tsx:153 [TaskRoundCard] 轮次: 17764585 | 初始展开状态: false | 用户消息: 国际新闻 全球新闻
ToolPanel.tsx:313 [TaskRoundProgressCard] 轮次: 17764585 | 当前展开: false | 任务数: 6
ToolPanel.tsx:529 [ToolPanel] 轮次数据更新: 1 个轮次
ToolPanel.tsx:531 [ToolPanel] 最新轮次ID: 177645850449123labga
GlobalStateContext.tsx:1387 [GlobalState] useEffect 触发 - messages: 2 | taskRounds: 2 | currentSessionId: 17764584
GlobalStateContext.tsx:1395 [GlobalState] 找到包含todos的助手消息: 1 个
GlobalStateContext.tsx:1400 [GlobalState] 当前会话的轮次: 1 个
GlobalStateContext.tsx:1412 [GlobalState] 轮次 17764585 已有todos，跳过
GlobalStateContext.tsx:1439 [GlobalState] 未找到匹配的任务进度
ToolPanel.tsx:313 [TaskRoundProgressCard] 轮次: 17764585 | 当前展开: false | 任务数: 6
GlobalStateContext.tsx:552 [GlobalState] 会话已保存: 1776458486518m5f69sg
