App.tsx:910 AbortError: BodyStreamBuffer was aborted
    at handleStopAI (App.tsx:305:34)
    at executeDispatch (react-dom-client.development.js:19116:9)
    at runWithFiberInDEV (react-dom-client.development.js:871:30)
    at processDispatchQueue (react-dom-client.development.js:19166:19)
    at react-dom-client.development.js:19767:9
    at batchedUpdates$1 (react-dom-client.development.js:3255:40)
    at dispatchEventForPluginEventSystem (react-dom-client.development.js:19320:7)
    at dispatchEvent (react-dom-client.development.js:23585:11)
    at dispatchDiscreteEvent (react-dom-client.development.js:23553:11)
requestAI @ App.tsx:910
await in requestAI
handleRegenerateMessage @ App.tsx:1125
onClick @ ChatView.tsx:856
executeDispatch @ react-dom-client.development.js:19116
runWithFiberInDEV @ react-dom-client.development.js:871
processDispatchQueue @ react-dom-client.development.js:19166
(匿名) @ react-dom-client.development.js:19767
batchedUpdates$1 @ react-dom-client.development.js:3255
dispatchEventForPluginEventSystem @ react-dom-client.development.js:19320
dispatchEvent @ react-dom-client.development.js:23585
dispatchDiscreteEvent @ react-dom-client.development.js:23553
App.tsx:187 Uncaught ReferenceError: processThinking is not defined
    at App.tsx:187:57
(匿名) @ App.tsx:187
requestAnimationFrame
(匿名) @ App.tsx:179
onContentChunk @ useAgentExecution.ts:134
onContentChunk @ AgentRuntime.ts:104
callLLMStream @ ReActEngine.ts:184
await in callLLMStream
run @ ReActEngine.ts:89
execute @ AgentRuntime.ts:109
(匿名) @ useAgentExecution.ts:194
handleAgentExecution @ App.tsx:1048
handleSendMessage @ App.tsx:1014
onSend @ ChatInput.tsx:150
onKeyDown @ ChatInput.tsx:370
executeDispatch @ react-dom-client.development.js:19116
runWithFiberInDEV @ react-dom-client.development.js:871
processDispatchQueue @ react-dom-client.development.js:19166
(匿名) @ react-dom-client.development.js:19767
batchedUpdates$1 @ react-dom-client.development.js:3255
dispatchEventForPluginEventSystem @ react-dom-client.development.js:19320
dispatchEvent @ react-dom-client.development.js:23585
dispatchDiscreteEvent @ react-dom-client.development.js:23553
builtin.ts:121 [web_search] Query: "尘白禁区 最近 新闻", Engine: "duckduckgo", Tavily Enabled: true
builtin.ts:125 [web_search] Using Tavily SDK
App.tsx:187 Uncaught ReferenceError: processThinking is not defined
    at App.tsx:187:57
(匿名) @ App.tsx:187
requestAnimationFrame
(匿名) @ App.tsx:179
onContentChunk @ useAgentExecution.ts:134
onContentChunk @ AgentRuntime.ts:104
callLLMStream @ ReActEngine.ts:184
await in callLLMStream
run @ ReActEngine.ts:89
await in run
execute @ AgentRuntime.ts:109
(匿名) @ useAgentExecution.ts:194
handleAgentExecution @ App.tsx:1048
handleSendMessage @ App.tsx:1014
onSend @ ChatInput.tsx:150
onKeyDown @ ChatInput.tsx:370
executeDispatch @ react-dom-client.development.js:19116
runWithFiberInDEV @ react-dom-client.development.js:871
processDispatchQueue @ react-dom-client.development.js:19166
(匿名) @ react-dom-client.development.js:19767
batchedUpdates$1 @ react-dom-client.development.js:3255
dispatchEventForPluginEventSystem @ react-dom-client.development.js:19320
dispatchEvent @ react-dom-client.development.js:23585
dispatchDiscreteEvent @ react-dom-client.development.js:23553
App.tsx:187 Uncaught ReferenceError: processThinking is not defined
    at App.tsx:187:57
(匿名) @ App.tsx:187
requestAnimationFrame
(匿名) @ App.tsx:179
onContentChunk @ useAgentExecution.ts:134
onContentChunk @ AgentRuntime.ts:104
callLLMStream @ ReActEngine.ts:184
await in callLLMStream
run @ ReActEngine.ts:89
await in run
execute @ AgentRuntime.ts:109
(匿名) @ useAgentExecution.ts:194
handleAgentExecution @ App.tsx:1048
handleSendMessage @ App.tsx:1014
onSend @ ChatInput.tsx:150
onKeyDown @ ChatInput.tsx:370
executeDispatch @ react-dom-client.development.js:19116
runWithFiberInDEV @ react-dom-client.development.js:871
processDispatchQueue @ react-dom-client.development.js:19166
(匿名) @ react-dom-client.development.js:19767
batchedUpdates$1 @ react-dom-client.development.js:3255
dispatchEventForPluginEventSystem @ react-dom-client.development.js:19320
dispatchEvent @ react-dom-client.development.js:23585
dispatchDiscreteEvent @ react-dom-client.development.js:23553
App.tsx:187 Uncaught ReferenceError: processThinking is not defined
