builtin.ts:69 [web_search] Query: "鸣潮 3.1 剧情 好评 原因", Engine: "sogou"
css2:1  Failed to load resource: net::ERR_TIMED_OUT
favicon.ico:1  GET http://localhost:3000/favicon.ico 404 (Not Found)
builtin.ts:76 [web_search] Results from backend: {results: Array(1), source: 'sogou'}results: [{…}]source: "sogou"[[Prototype]]: Object
builtin.ts:69 [web_search] Query: "鸣潮 3.1版本 剧情 好评原因", Engine: "sogou"
builtin.ts:76 [web_search] Results from backend: {results: Array(0), source: 'none'}
builtin.ts:69 [web_search] Query: "鸣潮3.1版本剧情 爱弥斯", Engine: "sogou"
builtin.ts:76 [web_search] Results from backend: {results: Array(0), source: 'none'}
builtin.ts:69 [web_search] Query: "鸣潮 3.1 版本 剧情 爱弥斯", Engine: "sogou"
builtin.ts:76 [web_search] Results from backend: {results: Array(0), source: 'none'}
builtin.ts:69 [web_search] Query: "鸣潮3.1版本剧情", Engine: "sogou"
builtin.ts:76 [web_search] Results from backend: {results: Array(0), source: 'none'}
builtin.ts:69 [web_search] Query: "鸣潮3.1版本剧情", Engine: "sogou"
builtin.ts:76 [web_search] Results from backend: {results: Array(0), source: 'none'}
builtin.ts:69 [web_search] Query: "鸣潮3.1版本剧情", Engine: "sogou"
builtin.ts:76 [web_search] Results from backend: {results: Array(0), source: 'none'}
builtin.ts:69 [web_search] Query: "鸣潮3.1版本剧情", Engine: "sogou"
builtin.ts:76 [web_search] Results from backend: {results: Array(0), source: 'none'}
builtin.ts:69 [web_search] Query: "鸣潮版本 剧情 好评", Engine: "sogou"
builtin.ts:76 [web_search] Results from backend: {results: Array(0), source: 'none'}
builtin.ts:69 [web_search] Query: "鸣潮游戏剧情更新", Engine: "sogou"
builtin.ts:76 [web_search] Results from backend: {results: Array(0), source: 'none'}
