react-dom-client.development.js:28004 Download the React DevTools for a better development experience: https://react.dev/link/react-devtools
index.ts:11 🌐 i18next is made possible by our own product, Locize — consider powering your project with managed localization (AI, CDN, integrations): https://locize.com 💙
ChatInput.tsx:127 Uncaught ReferenceError: Globe is not defined
    at ChatInput (ChatInput.tsx:127:5)
    at Object.react_stack_bottom_frame (react-dom-client.development.js:25904:20)
    at renderWithHooks (react-dom-client.development.js:7662:22)
    at updateFunctionComponent (react-dom-client.development.js:10166:19)
    at beginWork (react-dom-client.development.js:11778:18)
    at runWithFiberInDEV (react-dom-client.development.js:871:30)
    at performUnitOfWork (react-dom-client.development.js:17641:22)
    at workLoopSync (react-dom-client.development.js:17469:41)
    at renderRootSync (react-dom-client.development.js:17450:11)
    at performWorkOnRoot (react-dom-client.development.js:16583:35)
ChatInput @ ChatInput.tsx:127
react_stack_bottom_frame @ react-dom-client.development.js:25904
renderWithHooks @ react-dom-client.development.js:7662
updateFunctionComponent @ react-dom-client.development.js:10166
beginWork @ react-dom-client.development.js:11778
runWithFiberInDEV @ react-dom-client.development.js:871
performUnitOfWork @ react-dom-client.development.js:17641
workLoopSync @ react-dom-client.development.js:17469
renderRootSync @ react-dom-client.development.js:17450
performWorkOnRoot @ react-dom-client.development.js:16583
performWorkOnRootViaSchedulerTask @ react-dom-client.development.js:18957
performWorkUntilDeadline @ scheduler.development.js:45
<ChatInput>
exports.jsxDEV @ react-jsx-dev-runtime.development.js:335
App @ App.tsx:1001
react_stack_bottom_frame @ react-dom-client.development.js:25904
renderWithHooksAgain @ react-dom-client.development.js:7762
renderWithHooks @ react-dom-client.development.js:7674
updateFunctionComponent @ react-dom-client.development.js:10166
beginWork @ react-dom-client.development.js:11778
runWithFiberInDEV @ react-dom-client.development.js:871
performUnitOfWork @ react-dom-client.development.js:17641
workLoopSync @ react-dom-client.development.js:17469
renderRootSync @ react-dom-client.development.js:17450
performWorkOnRoot @ react-dom-client.development.js:16583
performWorkOnRootViaSchedulerTask @ react-dom-client.development.js:18957
performWorkUntilDeadline @ scheduler.development.js:45
<App>
exports.jsxDEV @ react-jsx-dev-runtime.development.js:335
(匿名) @ main.tsx:11
App.tsx:1001 An error occurred in the <ChatInput> component.

Consider adding an error boundary to your tree to customize error handling behavior.
Visit https://react.dev/link/error-boundaries to learn more about error boundaries.

defaultOnUncaughtError @ react-dom-client.development.js:9362
logUncaughtError @ react-dom-client.development.js:9431
runWithFiberInDEV @ react-dom-client.development.js:871
lane.callback @ react-dom-client.development.js:9461
callCallback @ react-dom-client.development.js:7423
commitCallbacks @ react-dom-client.development.js:7443
runWithFiberInDEV @ react-dom-client.development.js:874
commitLayoutEffectOnFiber @ react-dom-client.development.js:14047
flushLayoutEffects @ react-dom-client.development.js:18138
commitRoot @ react-dom-client.development.js:17954
commitRootWhenReady @ react-dom-client.development.js:16824
performWorkOnRoot @ react-dom-client.development.js:16722
performWorkOnRootViaSchedulerTask @ react-dom-client.development.js:18957
performWorkUntilDeadline @ scheduler.development.js:45
<ChatInput>
exports.jsxDEV @ react-jsx-dev-runtime.development.js:335
App @ App.tsx:1001
react_stack_bottom_frame @ react-dom-client.development.js:25904
renderWithHooksAgain @ react-dom-client.development.js:7762
renderWithHooks @ react-dom-client.development.js:7674
updateFunctionComponent @ react-dom-client.development.js:10166
beginWork @ react-dom-client.development.js:11778
runWithFiberInDEV @ react-dom-client.development.js:871
performUnitOfWork @ react-dom-client.development.js:17641
workLoopSync @ react-dom-client.development.js:17469
renderRootSync @ react-dom-client.development.js:17450
performWorkOnRoot @ react-dom-client.development.js:16583
performWorkOnRootViaSchedulerTask @ react-dom-client.development.js:18957
performWorkUntilDeadline @ scheduler.development.js:45
<App>
exports.jsxDEV @ react-jsx-dev-runtime.development.js:335
(匿名) @ main.tsx:11
favicon.ico:1  GET http://localhost:3000/favicon.ico 404 (Not Found)
